// Jest Snapshot v1, https://goo.gl/fbAQLP

exports[`<CreateCommunity /> renders correctly 1`] = `
<RCTSafeAreaView
  style={
    Object {
      "alignItems": "center",
      "backgroundColor": "#f3f3f3",
      "flex": 1,
      "flexDirection": "column",
      "justifyContent": "center",
      "padding": 10,
    }
  }
/>
`;
